[2025-02-21T20:59:54.719-0600][gc,init] CardTable entry size: 512
[2025-02-21T20:59:54.719-0600][gc     ] Using G1
[2025-02-21T20:59:54.720-0600][gc,init] Version: 21.0.6 (release)
[2025-02-21T20:59:54.720-0600][gc,init] CPUs: 8 total, 8 available
[2025-02-21T20:59:54.720-0600][gc,init] Memory: 16384M
[2025-02-21T20:59:54.720-0600][gc,init] Large Page Support: Disabled
[2025-02-21T20:59:54.720-0600][gc,init] NUMA Support: Disabled
[2025-02-21T20:59:54.720-0600][gc,init] Compressed Oops: Enabled (Zero based)
[2025-02-21T20:59:54.720-0600][gc,init] Heap Region Size: 1M
[2025-02-21T20:59:54.720-0600][gc,init] Heap Min Capacity: 1G
[2025-02-21T20:59:54.720-0600][gc,init] Heap Initial Capacity: 1G
[2025-02-21T20:59:54.721-0600][gc,init] Heap Max Capacity: 1G
[2025-02-21T20:59:54.721-0600][gc,init] Pre-touch: Disabled
[2025-02-21T20:59:54.721-0600][gc,init] Parallel Workers: 8
[2025-02-21T20:59:54.721-0600][gc,init] Concurrent Workers: 2
[2025-02-21T20:59:54.721-0600][gc,init] Concurrent Refinement Workers: 8
[2025-02-21T20:59:54.721-0600][gc,init] Periodic GC: Disabled
[2025-02-21T20:59:54.724-0600][gc,metaspace] CDS archive(s) mapped at: [0x0000009000000000-0x0000009000c90000-0x0000009000c90000), size 13172736, SharedBaseAddress: 0x0000009000000000, ArchiveRelocationMode: 1.
[2025-02-21T20:59:54.724-0600][gc,metaspace] Compressed class space mapped at: 0x0000009001000000-0x0000009041000000, reserved size: 1073741824
[2025-02-21T20:59:54.724-0600][gc,metaspace] Narrow klass base: 0x0000009000000000, Narrow klass shift: 0, Narrow klass range: 0x100000000
[2025-02-21T20:59:55.316-0600][gc,start    ] GC(0) Pause Young (Normal) (G1 Evacuation Pause)
[2025-02-21T20:59:55.316-0600][gc,task     ] GC(0) Using 8 workers of 8 for evacuation
[2025-02-21T20:59:55.319-0600][gc,phases   ] GC(0)   Pre Evacuate Collection Set: 0.1ms
[2025-02-21T20:59:55.319-0600][gc,phases   ] GC(0)   Merge Heap Roots: 0.1ms
[2025-02-21T20:59:55.319-0600][gc,phases   ] GC(0)   Evacuate Collection Set: 2.5ms
[2025-02-21T20:59:55.319-0600][gc,phases   ] GC(0)   Post Evacuate Collection Set: 0.4ms
[2025-02-21T20:59:55.319-0600][gc,phases   ] GC(0)   Other: 0.2ms
[2025-02-21T20:59:55.319-0600][gc,heap     ] GC(0) Eden regions: 51->0(44)
[2025-02-21T20:59:55.319-0600][gc,heap     ] GC(0) Survivor regions: 0->7(7)
[2025-02-21T20:59:55.319-0600][gc,heap     ] GC(0) Old regions: 2->3
[2025-02-21T20:59:55.319-0600][gc,heap     ] GC(0) Humongous regions: 0->0
[2025-02-21T20:59:55.319-0600][gc,metaspace] GC(0) Metaspace: 17044K(17280K)->17044K(17280K) NonClass: 15063K(15168K)->15063K(15168K) Class: 1980K(2112K)->1980K(2112K)
[2025-02-21T20:59:55.319-0600][gc          ] GC(0) Pause Young (Normal) (G1 Evacuation Pause) 52M->8M(1024M) 3.433ms
[2025-02-21T20:59:55.319-0600][gc,cpu      ] GC(0) User=0.02s Sys=0.01s Real=0.00s
[2025-02-21T20:59:55.461-0600][gc,start    ] GC(1) Pause Young (Concurrent Start) (Metadata GC Threshold)
[2025-02-21T20:59:55.461-0600][gc,task     ] GC(1) Using 8 workers of 8 for evacuation
[2025-02-21T20:59:55.463-0600][gc,phases   ] GC(1)   Pre Evacuate Collection Set: 0.2ms
[2025-02-21T20:59:55.463-0600][gc,phases   ] GC(1)   Merge Heap Roots: 0.0ms
[2025-02-21T20:59:55.464-0600][gc,phases   ] GC(1)   Evacuate Collection Set: 1.6ms
[2025-02-21T20:59:55.464-0600][gc,phases   ] GC(1)   Post Evacuate Collection Set: 0.3ms
[2025-02-21T20:59:55.464-0600][gc,phases   ] GC(1)   Other: 0.0ms
[2025-02-21T20:59:55.464-0600][gc,heap     ] GC(1) Eden regions: 17->0(49)
[2025-02-21T20:59:55.464-0600][gc,heap     ] GC(1) Survivor regions: 7->2(7)
[2025-02-21T20:59:55.464-0600][gc,heap     ] GC(1) Old regions: 3->11
[2025-02-21T20:59:55.464-0600][gc,heap     ] GC(1) Humongous regions: 0->0
[2025-02-21T20:59:55.464-0600][gc,metaspace] GC(1) Metaspace: 21277K(21504K)->21277K(21504K) NonClass: 18794K(18944K)->18794K(18944K) Class: 2483K(2560K)->2483K(2560K)
[2025-02-21T20:59:55.464-0600][gc          ] GC(1) Pause Young (Concurrent Start) (Metadata GC Threshold) 25M->10M(1024M) 2.179ms
[2025-02-21T20:59:55.464-0600][gc,cpu      ] GC(1) User=0.01s Sys=0.00s Real=0.00s
[2025-02-21T20:59:55.464-0600][gc          ] GC(2) Concurrent Mark Cycle
[2025-02-21T20:59:55.464-0600][gc,marking  ] GC(2) Concurrent Scan Root Regions
[2025-02-21T20:59:55.465-0600][gc,marking  ] GC(2) Concurrent Scan Root Regions 1.285ms
[2025-02-21T20:59:55.465-0600][gc,marking  ] GC(2) Concurrent Mark
[2025-02-21T20:59:55.465-0600][gc,marking  ] GC(2) Concurrent Mark From Roots
[2025-02-21T20:59:55.465-0600][gc,task     ] GC(2) Using 2 workers of 2 for marking
[2025-02-21T20:59:55.466-0600][gc,marking  ] GC(2) Concurrent Mark From Roots 0.831ms
[2025-02-21T20:59:55.466-0600][gc,marking  ] GC(2) Concurrent Preclean
[2025-02-21T20:59:55.466-0600][gc,marking  ] GC(2) Concurrent Preclean 0.008ms
[2025-02-21T20:59:55.466-0600][gc,start    ] GC(2) Pause Remark
[2025-02-21T20:59:55.467-0600][gc          ] GC(2) Pause Remark 11M->11M(1024M) 1.156ms
[2025-02-21T20:59:55.467-0600][gc,cpu      ] GC(2) User=0.00s Sys=0.00s Real=0.00s
[2025-02-21T20:59:55.467-0600][gc,marking  ] GC(2) Concurrent Mark 2.152ms
[2025-02-21T20:59:55.467-0600][gc,marking  ] GC(2) Concurrent Rebuild Remembered Sets and Scrub Regions
[2025-02-21T20:59:55.468-0600][gc,marking  ] GC(2) Concurrent Rebuild Remembered Sets and Scrub Regions 1.338ms
[2025-02-21T20:59:55.469-0600][gc,start    ] GC(2) Pause Cleanup
[2025-02-21T20:59:55.469-0600][gc          ] GC(2) Pause Cleanup 11M->11M(1024M) 0.119ms
[2025-02-21T20:59:55.469-0600][gc,cpu      ] GC(2) User=0.00s Sys=0.00s Real=0.00s
[2025-02-21T20:59:55.469-0600][gc,marking  ] GC(2) Concurrent Clear Claimed Marks
[2025-02-21T20:59:55.469-0600][gc,marking  ] GC(2) Concurrent Clear Claimed Marks 0.038ms
[2025-02-21T20:59:55.469-0600][gc,marking  ] GC(2) Concurrent Cleanup for Next Mark
[2025-02-21T20:59:55.471-0600][gc,marking  ] GC(2) Concurrent Cleanup for Next Mark 1.786ms
[2025-02-21T20:59:55.471-0600][gc          ] GC(2) Concurrent Mark Cycle 6.937ms
[2025-02-21T20:59:55.971-0600][gc,start    ] GC(3) Pause Young (Prepare Mixed) (G1 Evacuation Pause)
[2025-02-21T20:59:55.971-0600][gc,task     ] GC(3) Using 8 workers of 8 for evacuation
[2025-02-21T20:59:55.973-0600][gc,phases   ] GC(3)   Pre Evacuate Collection Set: 0.1ms
[2025-02-21T20:59:55.973-0600][gc,phases   ] GC(3)   Merge Heap Roots: 0.1ms
[2025-02-21T20:59:55.973-0600][gc,phases   ] GC(3)   Evacuate Collection Set: 1.6ms
[2025-02-21T20:59:55.973-0600][gc,phases   ] GC(3)   Post Evacuate Collection Set: 0.3ms
[2025-02-21T20:59:55.973-0600][gc,phases   ] GC(3)   Other: 0.0ms
[2025-02-21T20:59:55.973-0600][gc,heap     ] GC(3) Eden regions: 49->0(45)
[2025-02-21T20:59:55.973-0600][gc,heap     ] GC(3) Survivor regions: 2->6(7)
[2025-02-21T20:59:55.973-0600][gc,heap     ] GC(3) Old regions: 11->11
[2025-02-21T20:59:55.973-0600][gc,heap     ] GC(3) Humongous regions: 129->129
[2025-02-21T20:59:55.973-0600][gc,metaspace] GC(3) Metaspace: 31420K(31744K)->31420K(31744K) NonClass: 27981K(28160K)->27981K(28160K) Class: 3438K(3584K)->3438K(3584K)
[2025-02-21T20:59:55.973-0600][gc          ] GC(3) Pause Young (Prepare Mixed) (G1 Evacuation Pause) 188M->143M(1024M) 2.169ms
[2025-02-21T20:59:55.973-0600][gc,cpu      ] GC(3) User=0.01s Sys=0.00s Real=0.00s
[2025-02-21T20:59:56.076-0600][gc,start    ] GC(4) Pause Young (Mixed) (Metadata GC Threshold)
[2025-02-21T20:59:56.076-0600][gc,task     ] GC(4) Using 8 workers of 8 for evacuation
[2025-02-21T20:59:56.079-0600][gc,phases   ] GC(4)   Pre Evacuate Collection Set: 0.2ms
[2025-02-21T20:59:56.079-0600][gc,phases   ] GC(4)   Merge Heap Roots: 0.1ms
[2025-02-21T20:59:56.079-0600][gc,phases   ] GC(4)   Evacuate Collection Set: 2.4ms
[2025-02-21T20:59:56.079-0600][gc,phases   ] GC(4)   Post Evacuate Collection Set: 0.3ms
[2025-02-21T20:59:56.079-0600][gc,phases   ] GC(4)   Other: 0.0ms
[2025-02-21T20:59:56.079-0600][gc,heap     ] GC(4) Eden regions: 18->0(48)
[2025-02-21T20:59:56.079-0600][gc,heap     ] GC(4) Survivor regions: 6->3(7)
[2025-02-21T20:59:56.079-0600][gc,heap     ] GC(4) Old regions: 11->15
[2025-02-21T20:59:56.079-0600][gc,heap     ] GC(4) Humongous regions: 129->129
[2025-02-21T20:59:56.079-0600][gc,metaspace] GC(4) Metaspace: 35641K(35968K)->35641K(35968K) NonClass: 31776K(31936K)->31776K(31936K) Class: 3865K(4032K)->3865K(4032K)
[2025-02-21T20:59:56.079-0600][gc          ] GC(4) Pause Young (Mixed) (Metadata GC Threshold) 161M->145M(1024M) 3.107ms
[2025-02-21T20:59:56.079-0600][gc,cpu      ] GC(4) User=0.02s Sys=0.00s Real=0.00s
[2025-02-21T20:59:56.085-0600][gc,start    ] GC(5) Pause Young (Concurrent Start) (Metadata GC Threshold)
[2025-02-21T20:59:56.085-0600][gc,task     ] GC(5) Using 8 workers of 8 for evacuation
[2025-02-21T20:59:56.086-0600][gc,phases   ] GC(5)   Pre Evacuate Collection Set: 0.2ms
[2025-02-21T20:59:56.086-0600][gc,phases   ] GC(5)   Merge Heap Roots: 0.0ms
[2025-02-21T20:59:56.086-0600][gc,phases   ] GC(5)   Evacuate Collection Set: 0.6ms
[2025-02-21T20:59:56.086-0600][gc,phases   ] GC(5)   Post Evacuate Collection Set: 0.2ms
[2025-02-21T20:59:56.086-0600][gc,phases   ] GC(5)   Other: 0.0ms
[2025-02-21T20:59:56.086-0600][gc,heap     ] GC(5) Eden regions: 2->0(49)
[2025-02-21T20:59:56.086-0600][gc,heap     ] GC(5) Survivor regions: 3->2(7)
[2025-02-21T20:59:56.086-0600][gc,heap     ] GC(5) Old regions: 15->15
[2025-02-21T20:59:56.086-0600][gc,heap     ] GC(5) Humongous regions: 129->129
[2025-02-21T20:59:56.086-0600][gc,metaspace] GC(5) Metaspace: 35992K(36288K)->35992K(36288K) NonClass: 32111K(32256K)->32111K(32256K) Class: 3881K(4032K)->3881K(4032K)
[2025-02-21T20:59:56.086-0600][gc          ] GC(5) Pause Young (Concurrent Start) (Metadata GC Threshold) 147M->145M(1024M) 1.156ms
[2025-02-21T20:59:56.086-0600][gc,cpu      ] GC(5) User=0.01s Sys=0.00s Real=0.00s
[2025-02-21T20:59:56.086-0600][gc          ] GC(6) Concurrent Mark Cycle
[2025-02-21T20:59:56.086-0600][gc,marking  ] GC(6) Concurrent Scan Root Regions
[2025-02-21T20:59:56.087-0600][gc,marking  ] GC(6) Concurrent Scan Root Regions 0.685ms
[2025-02-21T20:59:56.087-0600][gc,marking  ] GC(6) Concurrent Mark
[2025-02-21T20:59:56.087-0600][gc,marking  ] GC(6) Concurrent Mark From Roots
[2025-02-21T20:59:56.087-0600][gc,task     ] GC(6) Using 2 workers of 2 for marking
[2025-02-21T20:59:56.093-0600][gc,marking  ] GC(6) Concurrent Mark From Roots 6.077ms
[2025-02-21T20:59:56.093-0600][gc,marking  ] GC(6) Concurrent Preclean
[2025-02-21T20:59:56.093-0600][gc,marking  ] GC(6) Concurrent Preclean 0.056ms
[2025-02-21T20:59:56.093-0600][gc,start    ] GC(6) Pause Remark
[2025-02-21T20:59:56.095-0600][gc          ] GC(6) Pause Remark 147M->147M(1024M) 1.250ms
[2025-02-21T20:59:56.095-0600][gc,cpu      ] GC(6) User=0.01s Sys=0.00s Real=0.00s
[2025-02-21T20:59:56.095-0600][gc,marking  ] GC(6) Concurrent Mark 7.579ms
[2025-02-21T20:59:56.095-0600][gc,marking  ] GC(6) Concurrent Rebuild Remembered Sets and Scrub Regions
[2025-02-21T20:59:56.097-0600][gc,marking  ] GC(6) Concurrent Rebuild Remembered Sets and Scrub Regions 2.737ms
[2025-02-21T20:59:56.098-0600][gc,start    ] GC(6) Pause Cleanup
[2025-02-21T20:59:56.098-0600][gc          ] GC(6) Pause Cleanup 148M->148M(1024M) 0.114ms
[2025-02-21T20:59:56.098-0600][gc,cpu      ] GC(6) User=0.00s Sys=0.00s Real=0.00s
[2025-02-21T20:59:56.098-0600][gc,marking  ] GC(6) Concurrent Clear Claimed Marks
[2025-02-21T20:59:56.098-0600][gc,marking  ] GC(6) Concurrent Clear Claimed Marks 0.040ms
[2025-02-21T20:59:56.098-0600][gc,marking  ] GC(6) Concurrent Cleanup for Next Mark
[2025-02-21T20:59:56.099-0600][gc,marking  ] GC(6) Concurrent Cleanup for Next Mark 0.852ms
[2025-02-21T20:59:56.099-0600][gc          ] GC(6) Concurrent Mark Cycle 12.276ms
[2025-02-21T21:04:50.619-0600][gc,start    ] GC(7) Pause Young (Prepare Mixed) (G1 Evacuation Pause)
[2025-02-21T21:04:50.621-0600][gc,task     ] GC(7) Using 8 workers of 8 for evacuation
[2025-02-21T21:04:50.634-0600][gc,phases   ] GC(7)   Pre Evacuate Collection Set: 1.2ms
[2025-02-21T21:04:50.634-0600][gc,phases   ] GC(7)   Merge Heap Roots: 0.1ms
[2025-02-21T21:04:50.634-0600][gc,phases   ] GC(7)   Evacuate Collection Set: 10.1ms
[2025-02-21T21:04:50.634-0600][gc,phases   ] GC(7)   Post Evacuate Collection Set: 0.9ms
[2025-02-21T21:04:50.634-0600][gc,phases   ] GC(7)   Other: 0.1ms
[2025-02-21T21:04:50.634-0600][gc,heap     ] GC(7) Eden regions: 49->0(45)
[2025-02-21T21:04:50.634-0600][gc,heap     ] GC(7) Survivor regions: 2->6(7)
[2025-02-21T21:04:50.634-0600][gc,heap     ] GC(7) Old regions: 15->15
[2025-02-21T21:04:50.634-0600][gc,heap     ] GC(7) Humongous regions: 147->129
[2025-02-21T21:04:50.634-0600][gc,metaspace] GC(7) Metaspace: 43557K(44224K)->43557K(44224K) NonClass: 38457K(38848K)->38457K(38848K) Class: 5100K(5376K)->5100K(5376K)
[2025-02-21T21:04:50.634-0600][gc          ] GC(7) Pause Young (Prepare Mixed) (G1 Evacuation Pause) 212M->148M(1024M) 14.315ms
[2025-02-21T21:04:50.634-0600][gc,cpu      ] GC(7) User=0.04s Sys=0.03s Real=0.02s
[2025-02-21T21:11:14.874-0600][gc,heap,exit] Heap
[2025-02-21T21:11:14.874-0600][gc,heap,exit]  garbage-first heap   total 1048576K, used 186880K [0x00000007c0000000, 0x0000000800000000)
[2025-02-21T21:11:14.874-0600][gc,heap,exit]   region size 1024K, 40 young (40960K), 6 survivors (6144K)
[2025-02-21T21:11:14.874-0600][gc,heap,exit]  Metaspace       used 45025K, committed 45760K, reserved 1114112K
[2025-02-21T21:11:14.874-0600][gc,heap,exit]   class space    used 5333K, committed 5632K, reserved 1048576K
