[2025-02-21T20:59:29.993-0600][gc,init] CardTable entry size: 512
[2025-02-21T20:59:29.993-0600][gc     ] Using G1
[2025-02-21T20:59:29.994-0600][gc,init] Version: 21.0.6 (release)
[2025-02-21T20:59:29.994-0600][gc,init] CPUs: 8 total, 8 available
[2025-02-21T20:59:29.994-0600][gc,init] Memory: 16384M
[2025-02-21T20:59:29.994-0600][gc,init] Large Page Support: Disabled
[2025-02-21T20:59:29.994-0600][gc,init] NUMA Support: Disabled
[2025-02-21T20:59:29.994-0600][gc,init] Compressed Oops: Enabled (Zero based)
[2025-02-21T20:59:29.994-0600][gc,init] Heap Region Size: 1M
[2025-02-21T20:59:29.994-0600][gc,init] Heap Min Capacity: 512M
[2025-02-21T20:59:29.994-0600][gc,init] Heap Initial Capacity: 512M
[2025-02-21T20:59:29.994-0600][gc,init] Heap Max Capacity: 512M
[2025-02-21T20:59:29.994-0600][gc,init] Pre-touch: Disabled
[2025-02-21T20:59:29.994-0600][gc,init] Parallel Workers: 8
[2025-02-21T20:59:29.994-0600][gc,init] Concurrent Workers: 2
[2025-02-21T20:59:29.994-0600][gc,init] Concurrent Refinement Workers: 8
[2025-02-21T20:59:29.994-0600][gc,init] Periodic GC: Disabled
[2025-02-21T20:59:29.998-0600][gc,metaspace] CDS archive(s) mapped at: [0x0000000700000000-0x0000000700c90000-0x0000000700c90000), size 13172736, SharedBaseAddress: 0x0000000700000000, ArchiveRelocationMode: 1.
[2025-02-21T20:59:29.998-0600][gc,metaspace] Compressed class space mapped at: 0x0000000701000000-0x0000000741000000, reserved size: 1073741824
[2025-02-21T20:59:29.998-0600][gc,metaspace] Narrow klass base: 0x0000000700000000, Narrow klass shift: 0, Narrow klass range: 0x100000000
[2025-02-21T20:59:30.331-0600][gc,start    ] GC(0) Pause Young (Normal) (G1 Evacuation Pause)
[2025-02-21T20:59:30.331-0600][gc,task     ] GC(0) Using 8 workers of 8 for evacuation
[2025-02-21T20:59:30.334-0600][gc,phases   ] GC(0)   Pre Evacuate Collection Set: 0.1ms
[2025-02-21T20:59:30.334-0600][gc,phases   ] GC(0)   Merge Heap Roots: 0.0ms
[2025-02-21T20:59:30.334-0600][gc,phases   ] GC(0)   Evacuate Collection Set: 2.0ms
[2025-02-21T20:59:30.334-0600][gc,phases   ] GC(0)   Post Evacuate Collection Set: 0.3ms
[2025-02-21T20:59:30.334-0600][gc,phases   ] GC(0)   Other: 0.2ms
[2025-02-21T20:59:30.334-0600][gc,heap     ] GC(0) Eden regions: 25->0(21)
[2025-02-21T20:59:30.334-0600][gc,heap     ] GC(0) Survivor regions: 0->4(4)
[2025-02-21T20:59:30.334-0600][gc,heap     ] GC(0) Old regions: 2->6
[2025-02-21T20:59:30.334-0600][gc,heap     ] GC(0) Humongous regions: 0->0
[2025-02-21T20:59:30.334-0600][gc,metaspace] GC(0) Metaspace: 7621K(7808K)->7621K(7808K) NonClass: 6822K(6912K)->6822K(6912K) Class: 798K(896K)->798K(896K)
[2025-02-21T20:59:30.334-0600][gc          ] GC(0) Pause Young (Normal) (G1 Evacuation Pause) 26M->8M(512M) 2.880ms
[2025-02-21T20:59:30.334-0600][gc,cpu      ] GC(0) User=0.01s Sys=0.00s Real=0.00s
[2025-02-21T21:11:01.278-0600][gc,heap,exit] Heap
[2025-02-21T21:11:01.278-0600][gc,heap,exit]  garbage-first heap   total 524288K, used 18129K [0x00000007e0000000, 0x0000000800000000)
[2025-02-21T21:11:01.278-0600][gc,heap,exit]   region size 1024K, 13 young (13312K), 4 survivors (4096K)
[2025-02-21T21:11:01.278-0600][gc,heap,exit]  Metaspace       used 9091K, committed 9280K, reserved 1114112K
[2025-02-21T21:11:01.278-0600][gc,heap,exit]   class space    used 941K, committed 1024K, reserved 1048576K
