[2025-02-21T20:19:03.936-0600][gc,init] CardTable entry size: 512
[2025-02-21T20:19:03.936-0600][gc     ] Using G1
[2025-02-21T20:19:03.937-0600][gc,init] Version: 21.0.6 (release)
[2025-02-21T20:19:03.937-0600][gc,init] CPUs: 8 total, 8 available
[2025-02-21T20:19:03.937-0600][gc,init] Memory: 16384M
[2025-02-21T20:19:03.937-0600][gc,init] Large Page Support: Disabled
[2025-02-21T20:19:03.937-0600][gc,init] NUMA Support: Disabled
[2025-02-21T20:19:03.937-0600][gc,init] Compressed Oops: Enabled (Zero based)
[2025-02-21T20:19:03.937-0600][gc,init] Heap Region Size: 1M
[2025-02-21T20:19:03.937-0600][gc,init] Heap Min Capacity: 1G
[2025-02-21T20:19:03.937-0600][gc,init] Heap Initial Capacity: 1G
[2025-02-21T20:19:03.937-0600][gc,init] Heap Max Capacity: 1G
[2025-02-21T20:19:03.937-0600][gc,init] Pre-touch: Disabled
[2025-02-21T20:19:03.937-0600][gc,init] Parallel Workers: 8
[2025-02-21T20:19:03.937-0600][gc,init] Concurrent Workers: 2
[2025-02-21T20:19:03.937-0600][gc,init] Concurrent Refinement Workers: 8
[2025-02-21T20:19:03.937-0600][gc,init] Periodic GC: Disabled
[2025-02-21T20:19:03.941-0600][gc,metaspace] CDS archive(s) mapped at: [0x0000008000000000-0x0000008000c90000-0x0000008000c90000), size 13172736, SharedBaseAddress: 0x0000008000000000, ArchiveRelocationMode: 1.
[2025-02-21T20:19:03.941-0600][gc,metaspace] Compressed class space mapped at: 0x0000008001000000-0x0000008041000000, reserved size: 1073741824
[2025-02-21T20:19:03.941-0600][gc,metaspace] Narrow klass base: 0x0000008000000000, Narrow klass shift: 0, Narrow klass range: 0x100000000
[2025-02-21T20:19:04.597-0600][gc,start    ] GC(0) Pause Young (Normal) (G1 Evacuation Pause)
[2025-02-21T20:19:04.597-0600][gc,task     ] GC(0) Using 8 workers of 8 for evacuation
[2025-02-21T20:19:04.600-0600][gc,phases   ] GC(0)   Pre Evacuate Collection Set: 0.1ms
[2025-02-21T20:19:04.600-0600][gc,phases   ] GC(0)   Merge Heap Roots: 0.0ms
[2025-02-21T20:19:04.600-0600][gc,phases   ] GC(0)   Evacuate Collection Set: 2.2ms
[2025-02-21T20:19:04.600-0600][gc,phases   ] GC(0)   Post Evacuate Collection Set: 0.3ms
[2025-02-21T20:19:04.600-0600][gc,phases   ] GC(0)   Other: 0.2ms
[2025-02-21T20:19:04.600-0600][gc,heap     ] GC(0) Eden regions: 51->0(44)
[2025-02-21T20:19:04.600-0600][gc,heap     ] GC(0) Survivor regions: 0->7(7)
[2025-02-21T20:19:04.600-0600][gc,heap     ] GC(0) Old regions: 2->4
[2025-02-21T20:19:04.600-0600][gc,heap     ] GC(0) Humongous regions: 0->0
[2025-02-21T20:19:04.600-0600][gc,metaspace] GC(0) Metaspace: 16969K(17216K)->16969K(17216K) NonClass: 14990K(15104K)->14990K(15104K) Class: 1978K(2112K)->1978K(2112K)
[2025-02-21T20:19:04.600-0600][gc          ] GC(0) Pause Young (Normal) (G1 Evacuation Pause) 52M->9M(1024M) 3.074ms
[2025-02-21T20:19:04.600-0600][gc,cpu      ] GC(0) User=0.02s Sys=0.01s Real=0.01s
[2025-02-21T20:19:04.732-0600][gc,start    ] GC(1) Pause Young (Concurrent Start) (Metadata GC Threshold)
[2025-02-21T20:19:04.732-0600][gc,task     ] GC(1) Using 8 workers of 8 for evacuation
[2025-02-21T20:19:04.734-0600][gc,phases   ] GC(1)   Pre Evacuate Collection Set: 0.2ms
[2025-02-21T20:19:04.734-0600][gc,phases   ] GC(1)   Merge Heap Roots: 0.0ms
[2025-02-21T20:19:04.734-0600][gc,phases   ] GC(1)   Evacuate Collection Set: 2.0ms
[2025-02-21T20:19:04.734-0600][gc,phases   ] GC(1)   Post Evacuate Collection Set: 0.2ms
[2025-02-21T20:19:04.734-0600][gc,phases   ] GC(1)   Other: 0.0ms
[2025-02-21T20:19:04.734-0600][gc,heap     ] GC(1) Eden regions: 17->0(49)
[2025-02-21T20:19:04.734-0600][gc,heap     ] GC(1) Survivor regions: 7->2(7)
[2025-02-21T20:19:04.734-0600][gc,heap     ] GC(1) Old regions: 4->11
[2025-02-21T20:19:04.734-0600][gc,heap     ] GC(1) Humongous regions: 0->0
[2025-02-21T20:19:04.734-0600][gc,metaspace] GC(1) Metaspace: 21308K(21504K)->21308K(21504K) NonClass: 18818K(18944K)->18818K(18944K) Class: 2490K(2560K)->2490K(2560K)
[2025-02-21T20:19:04.734-0600][gc          ] GC(1) Pause Young (Concurrent Start) (Metadata GC Threshold) 25M->10M(1024M) 2.656ms
[2025-02-21T20:19:04.734-0600][gc,cpu      ] GC(1) User=0.02s Sys=0.00s Real=0.00s
[2025-02-21T20:19:04.734-0600][gc          ] GC(2) Concurrent Mark Cycle
[2025-02-21T20:19:04.735-0600][gc,marking  ] GC(2) Concurrent Scan Root Regions
[2025-02-21T20:19:04.736-0600][gc,marking  ] GC(2) Concurrent Scan Root Regions 1.403ms
[2025-02-21T20:19:04.736-0600][gc,marking  ] GC(2) Concurrent Mark
[2025-02-21T20:19:04.736-0600][gc,marking  ] GC(2) Concurrent Mark From Roots
[2025-02-21T20:19:04.736-0600][gc,task     ] GC(2) Using 2 workers of 2 for marking
[2025-02-21T20:19:04.737-0600][gc,marking  ] GC(2) Concurrent Mark From Roots 0.996ms
[2025-02-21T20:19:04.737-0600][gc,marking  ] GC(2) Concurrent Preclean
[2025-02-21T20:19:04.737-0600][gc,marking  ] GC(2) Concurrent Preclean 0.023ms
[2025-02-21T20:19:04.737-0600][gc,start    ] GC(2) Pause Remark
[2025-02-21T20:19:04.738-0600][gc          ] GC(2) Pause Remark 11M->11M(1024M) 1.043ms
[2025-02-21T20:19:04.738-0600][gc,cpu      ] GC(2) User=0.01s Sys=0.00s Real=0.00s
[2025-02-21T20:19:04.738-0600][gc,marking  ] GC(2) Concurrent Mark 2.212ms
[2025-02-21T20:19:04.738-0600][gc,marking  ] GC(2) Concurrent Rebuild Remembered Sets and Scrub Regions
[2025-02-21T20:19:04.740-0600][gc,marking  ] GC(2) Concurrent Rebuild Remembered Sets and Scrub Regions 1.513ms
[2025-02-21T20:19:04.740-0600][gc,start    ] GC(2) Pause Cleanup
[2025-02-21T20:19:04.740-0600][gc          ] GC(2) Pause Cleanup 11M->11M(1024M) 0.080ms
[2025-02-21T20:19:04.740-0600][gc,cpu      ] GC(2) User=0.00s Sys=0.00s Real=0.00s
[2025-02-21T20:19:04.740-0600][gc,marking  ] GC(2) Concurrent Clear Claimed Marks
[2025-02-21T20:19:04.740-0600][gc,marking  ] GC(2) Concurrent Clear Claimed Marks 0.013ms
[2025-02-21T20:19:04.740-0600][gc,marking  ] GC(2) Concurrent Cleanup for Next Mark
[2025-02-21T20:19:04.741-0600][gc,marking  ] GC(2) Concurrent Cleanup for Next Mark 1.569ms
[2025-02-21T20:19:04.741-0600][gc          ] GC(2) Concurrent Mark Cycle 6.970ms
[2025-02-21T20:19:05.047-0600][gc,start    ] GC(3) Pause Young (Prepare Mixed) (G1 Evacuation Pause)
[2025-02-21T20:19:05.047-0600][gc,task     ] GC(3) Using 8 workers of 8 for evacuation
[2025-02-21T20:19:05.049-0600][gc,phases   ] GC(3)   Pre Evacuate Collection Set: 0.2ms
[2025-02-21T20:19:05.049-0600][gc,phases   ] GC(3)   Merge Heap Roots: 0.1ms
[2025-02-21T20:19:05.049-0600][gc,phases   ] GC(3)   Evacuate Collection Set: 1.7ms
[2025-02-21T20:19:05.049-0600][gc,phases   ] GC(3)   Post Evacuate Collection Set: 0.2ms
[2025-02-21T20:19:05.049-0600][gc,phases   ] GC(3)   Other: 0.0ms
[2025-02-21T20:19:05.049-0600][gc,heap     ] GC(3) Eden regions: 49->0(44)
[2025-02-21T20:19:05.049-0600][gc,heap     ] GC(3) Survivor regions: 2->7(7)
[2025-02-21T20:19:05.049-0600][gc,heap     ] GC(3) Old regions: 11->11
[2025-02-21T20:19:05.049-0600][gc,heap     ] GC(3) Humongous regions: 129->129
[2025-02-21T20:19:05.049-0600][gc,metaspace] GC(3) Metaspace: 32853K(33216K)->32853K(33216K) NonClass: 29333K(29504K)->29333K(29504K) Class: 3520K(3712K)->3520K(3712K)
[2025-02-21T20:19:05.049-0600][gc          ] GC(3) Pause Young (Prepare Mixed) (G1 Evacuation Pause) 188M->144M(1024M) 2.345ms
[2025-02-21T20:19:05.049-0600][gc,cpu      ] GC(3) User=0.01s Sys=0.00s Real=0.00s
[2025-02-21T20:19:05.093-0600][gc,start    ] GC(4) Pause Young (Mixed) (Metadata GC Threshold)
[2025-02-21T20:19:05.093-0600][gc,task     ] GC(4) Using 8 workers of 8 for evacuation
[2025-02-21T20:19:05.095-0600][gc,phases   ] GC(4)   Pre Evacuate Collection Set: 0.1ms
[2025-02-21T20:19:05.095-0600][gc,phases   ] GC(4)   Merge Heap Roots: 0.0ms
[2025-02-21T20:19:05.095-0600][gc,phases   ] GC(4)   Evacuate Collection Set: 1.9ms
[2025-02-21T20:19:05.095-0600][gc,phases   ] GC(4)   Post Evacuate Collection Set: 0.2ms
[2025-02-21T20:19:05.095-0600][gc,phases   ] GC(4)   Other: 0.0ms
[2025-02-21T20:19:05.095-0600][gc,heap     ] GC(4) Eden regions: 12->0(49)
[2025-02-21T20:19:05.095-0600][gc,heap     ] GC(4) Survivor regions: 7->2(7)
[2025-02-21T20:19:05.095-0600][gc,heap     ] GC(4) Old regions: 11->16
[2025-02-21T20:19:05.095-0600][gc,heap     ] GC(4) Humongous regions: 129->129
[2025-02-21T20:19:05.095-0600][gc,metaspace] GC(4) Metaspace: 35696K(35968K)->35696K(35968K) NonClass: 31824K(31936K)->31824K(31936K) Class: 3872K(4032K)->3872K(4032K)
[2025-02-21T20:19:05.095-0600][gc          ] GC(4) Pause Young (Mixed) (Metadata GC Threshold) 156M->145M(1024M) 2.335ms
[2025-02-21T20:19:05.096-0600][gc,cpu      ] GC(4) User=0.01s Sys=0.00s Real=0.00s
[2025-02-21T20:19:05.107-0600][gc,start    ] GC(5) Pause Young (Concurrent Start) (Metadata GC Threshold)
[2025-02-21T20:19:05.107-0600][gc,task     ] GC(5) Using 8 workers of 8 for evacuation
[2025-02-21T20:19:05.108-0600][gc,phases   ] GC(5)   Pre Evacuate Collection Set: 0.1ms
[2025-02-21T20:19:05.108-0600][gc,phases   ] GC(5)   Merge Heap Roots: 0.0ms
[2025-02-21T20:19:05.108-0600][gc,phases   ] GC(5)   Evacuate Collection Set: 0.4ms
[2025-02-21T20:19:05.108-0600][gc,phases   ] GC(5)   Post Evacuate Collection Set: 0.2ms
[2025-02-21T20:19:05.108-0600][gc,phases   ] GC(5)   Other: 0.0ms
[2025-02-21T20:19:05.108-0600][gc,heap     ] GC(5) Eden regions: 2->0(50)
[2025-02-21T20:19:05.108-0600][gc,heap     ] GC(5) Survivor regions: 2->1(7)
[2025-02-21T20:19:05.108-0600][gc,heap     ] GC(5) Old regions: 16->16
[2025-02-21T20:19:05.108-0600][gc,heap     ] GC(5) Humongous regions: 129->129
[2025-02-21T20:19:05.108-0600][gc,metaspace] GC(5) Metaspace: 35991K(36288K)->35991K(36288K) NonClass: 32076K(32256K)->32076K(32256K) Class: 3914K(4032K)->3914K(4032K)
[2025-02-21T20:19:05.108-0600][gc          ] GC(5) Pause Young (Concurrent Start) (Metadata GC Threshold) 147M->145M(1024M) 0.837ms
[2025-02-21T20:19:05.108-0600][gc,cpu      ] GC(5) User=0.00s Sys=0.00s Real=0.00s
[2025-02-21T20:19:05.108-0600][gc          ] GC(6) Concurrent Mark Cycle
[2025-02-21T20:19:05.108-0600][gc,marking  ] GC(6) Concurrent Scan Root Regions
[2025-02-21T20:19:05.109-0600][gc,marking  ] GC(6) Concurrent Scan Root Regions 0.664ms
[2025-02-21T20:19:05.109-0600][gc,marking  ] GC(6) Concurrent Mark
[2025-02-21T20:19:05.109-0600][gc,marking  ] GC(6) Concurrent Mark From Roots
[2025-02-21T20:19:05.109-0600][gc,task     ] GC(6) Using 2 workers of 2 for marking
[2025-02-21T20:19:05.114-0600][gc,marking  ] GC(6) Concurrent Mark From Roots 5.449ms
[2025-02-21T20:19:05.114-0600][gc,marking  ] GC(6) Concurrent Preclean
[2025-02-21T20:19:05.114-0600][gc,marking  ] GC(6) Concurrent Preclean 0.019ms
[2025-02-21T20:19:05.114-0600][gc,start    ] GC(6) Pause Remark
[2025-02-21T20:19:05.116-0600][gc          ] GC(6) Pause Remark 145M->145M(1024M) 1.163ms
[2025-02-21T20:19:05.116-0600][gc,cpu      ] GC(6) User=0.00s Sys=0.00s Real=0.00s
[2025-02-21T20:19:05.116-0600][gc,marking  ] GC(6) Concurrent Mark 6.768ms
[2025-02-21T20:19:05.116-0600][gc,marking  ] GC(6) Concurrent Rebuild Remembered Sets and Scrub Regions
[2025-02-21T20:19:05.120-0600][gc,marking  ] GC(6) Concurrent Rebuild Remembered Sets and Scrub Regions 4.046ms
[2025-02-21T20:19:05.120-0600][gc,start    ] GC(6) Pause Cleanup
[2025-02-21T20:19:05.120-0600][gc          ] GC(6) Pause Cleanup 145M->145M(1024M) 0.091ms
[2025-02-21T20:19:05.120-0600][gc,cpu      ] GC(6) User=0.00s Sys=0.00s Real=0.00s
[2025-02-21T20:19:05.120-0600][gc,marking  ] GC(6) Concurrent Clear Claimed Marks
[2025-02-21T20:19:05.120-0600][gc,marking  ] GC(6) Concurrent Clear Claimed Marks 0.009ms
[2025-02-21T20:19:05.120-0600][gc,marking  ] GC(6) Concurrent Cleanup for Next Mark
[2025-02-21T20:19:05.121-0600][gc,marking  ] GC(6) Concurrent Cleanup for Next Mark 0.931ms
[2025-02-21T20:19:05.121-0600][gc          ] GC(6) Concurrent Mark Cycle 12.643ms
[2025-02-21T20:23:18.256-0600][gc,start    ] GC(7) Pause Young (Prepare Mixed) (G1 Evacuation Pause)
[2025-02-21T20:23:18.257-0600][gc,task     ] GC(7) Using 8 workers of 8 for evacuation
[2025-02-21T20:23:18.284-0600][gc,mmu      ] GC(7) MMU target violated: 21.0ms (20.0ms/21.0ms)
[2025-02-21T20:23:18.284-0600][gc,phases   ] GC(7)   Pre Evacuate Collection Set: 0.7ms
[2025-02-21T20:23:18.284-0600][gc,phases   ] GC(7)   Merge Heap Roots: 0.1ms
[2025-02-21T20:23:18.284-0600][gc,phases   ] GC(7)   Evacuate Collection Set: 25.2ms
[2025-02-21T20:23:18.284-0600][gc,phases   ] GC(7)   Post Evacuate Collection Set: 0.7ms
[2025-02-21T20:23:18.284-0600][gc,phases   ] GC(7)   Other: 0.3ms
[2025-02-21T20:23:18.284-0600][gc,heap     ] GC(7) Eden regions: 50->0(48)
[2025-02-21T20:23:18.284-0600][gc,heap     ] GC(7) Survivor regions: 1->3(7)
[2025-02-21T20:23:18.284-0600][gc,heap     ] GC(7) Old regions: 16->16
[2025-02-21T20:23:18.284-0600][gc,heap     ] GC(7) Humongous regions: 129->129
[2025-02-21T20:23:18.284-0600][gc,metaspace] GC(7) Metaspace: 41935K(42432K)->41935K(42432K) NonClass: 37157K(37440K)->37157K(37440K) Class: 4777K(4992K)->4777K(4992K)
[2025-02-21T20:23:18.284-0600][gc          ] GC(7) Pause Young (Prepare Mixed) (G1 Evacuation Pause) 195M->147M(1024M) 28.919ms
[2025-02-21T20:23:18.284-0600][gc,cpu      ] GC(7) User=0.02s Sys=0.01s Real=0.03s
[2025-02-21T20:24:35.533-0600][gc,start    ] GC(8) Pause Young (Mixed) (G1 Evacuation Pause)
[2025-02-21T20:24:35.535-0600][gc,task     ] GC(8) Using 8 workers of 8 for evacuation
[2025-02-21T20:24:35.552-0600][gc,phases   ] GC(8)   Pre Evacuate Collection Set: 0.8ms
[2025-02-21T20:24:35.552-0600][gc,phases   ] GC(8)   Merge Heap Roots: 0.1ms
[2025-02-21T20:24:35.552-0600][gc,phases   ] GC(8)   Evacuate Collection Set: 15.1ms
[2025-02-21T20:24:35.552-0600][gc,phases   ] GC(8)   Post Evacuate Collection Set: 0.6ms
[2025-02-21T20:24:35.552-0600][gc,phases   ] GC(8)   Other: 0.2ms
[2025-02-21T20:24:35.552-0600][gc,heap     ] GC(8) Eden regions: 48->0(47)
[2025-02-21T20:24:35.552-0600][gc,heap     ] GC(8) Survivor regions: 3->4(7)
[2025-02-21T20:24:35.552-0600][gc,heap     ] GC(8) Old regions: 16->16
[2025-02-21T20:24:35.552-0600][gc,heap     ] GC(8) Humongous regions: 129->129
[2025-02-21T20:24:35.552-0600][gc,metaspace] GC(8) Metaspace: 42031K(42560K)->42031K(42560K) NonClass: 37239K(37568K)->37239K(37568K) Class: 4792K(4992K)->4792K(4992K)
[2025-02-21T20:24:35.552-0600][gc          ] GC(8) Pause Young (Mixed) (G1 Evacuation Pause) 195M->147M(1024M) 19.136ms
[2025-02-21T20:24:35.553-0600][gc,cpu      ] GC(8) User=0.02s Sys=0.00s Real=0.02s
[2025-02-21T20:25:57.670-0600][gc,start    ] GC(9) Pause Young (Normal) (G1 Evacuation Pause)
[2025-02-21T20:25:57.670-0600][gc,task     ] GC(9) Using 8 workers of 8 for evacuation
[2025-02-21T20:25:57.681-0600][gc,phases   ] GC(9)   Pre Evacuate Collection Set: 0.5ms
[2025-02-21T20:25:57.681-0600][gc,phases   ] GC(9)   Merge Heap Roots: 0.1ms
[2025-02-21T20:25:57.681-0600][gc,phases   ] GC(9)   Evacuate Collection Set: 9.6ms
[2025-02-21T20:25:57.681-0600][gc,phases   ] GC(9)   Post Evacuate Collection Set: 0.5ms
[2025-02-21T20:25:57.681-0600][gc,phases   ] GC(9)   Other: 0.1ms
[2025-02-21T20:25:57.681-0600][gc,heap     ] GC(9) Eden regions: 47->0(48)
[2025-02-21T20:25:57.681-0600][gc,heap     ] GC(9) Survivor regions: 4->3(7)
[2025-02-21T20:25:57.681-0600][gc,heap     ] GC(9) Old regions: 16->16
[2025-02-21T20:25:57.681-0600][gc,heap     ] GC(9) Humongous regions: 129->129
[2025-02-21T20:25:57.681-0600][gc,metaspace] GC(9) Metaspace: 42036K(42560K)->42036K(42560K) NonClass: 37243K(37568K)->37243K(37568K) Class: 4792K(4992K)->4792K(4992K)
[2025-02-21T20:25:57.681-0600][gc          ] GC(9) Pause Young (Normal) (G1 Evacuation Pause) 194M->146M(1024M) 11.209ms
[2025-02-21T20:25:57.681-0600][gc,cpu      ] GC(9) User=0.02s Sys=0.00s Real=0.01s
[2025-02-21T20:35:50.164-0600][gc,start    ] GC(10) Pause Young (Normal) (G1 Evacuation Pause)
[2025-02-21T20:35:50.164-0600][gc,task     ] GC(10) Using 8 workers of 8 for evacuation
[2025-02-21T20:35:50.180-0600][gc,phases   ] GC(10)   Pre Evacuate Collection Set: 0.2ms
[2025-02-21T20:35:50.180-0600][gc,phases   ] GC(10)   Merge Heap Roots: 0.1ms
[2025-02-21T20:35:50.180-0600][gc,phases   ] GC(10)   Evacuate Collection Set: 14.9ms
[2025-02-21T20:35:50.180-0600][gc,phases   ] GC(10)   Post Evacuate Collection Set: 0.7ms
[2025-02-21T20:35:50.180-0600][gc,phases   ] GC(10)   Other: 0.1ms
[2025-02-21T20:35:50.180-0600][gc,heap     ] GC(10) Eden regions: 48->0(45)
[2025-02-21T20:35:50.180-0600][gc,heap     ] GC(10) Survivor regions: 3->6(7)
[2025-02-21T20:35:50.180-0600][gc,heap     ] GC(10) Old regions: 16->16
[2025-02-21T20:35:50.180-0600][gc,heap     ] GC(10) Humongous regions: 129->129
[2025-02-21T20:35:50.180-0600][gc,metaspace] GC(10) Metaspace: 43991K(44672K)->43991K(44672K) NonClass: 38911K(39296K)->38911K(39296K) Class: 5079K(5376K)->5079K(5376K)
[2025-02-21T20:35:50.180-0600][gc          ] GC(10) Pause Young (Normal) (G1 Evacuation Pause) 194M->149M(1024M) 16.360ms
[2025-02-21T20:35:50.180-0600][gc,cpu      ] GC(10) User=0.03s Sys=0.00s Real=0.02s
[2025-02-21T20:37:11.967-0600][gc,start    ] GC(11) Pause Young (Normal) (G1 Evacuation Pause)
[2025-02-21T20:37:11.967-0600][gc,task     ] GC(11) Using 8 workers of 8 for evacuation
[2025-02-21T20:37:11.984-0600][gc,phases   ] GC(11)   Pre Evacuate Collection Set: 0.6ms
[2025-02-21T20:37:11.984-0600][gc,phases   ] GC(11)   Merge Heap Roots: 0.1ms
[2025-02-21T20:37:11.984-0600][gc,phases   ] GC(11)   Evacuate Collection Set: 15.0ms
[2025-02-21T20:37:11.984-0600][gc,phases   ] GC(11)   Post Evacuate Collection Set: 0.5ms
[2025-02-21T20:37:11.984-0600][gc,phases   ] GC(11)   Other: 0.1ms
[2025-02-21T20:37:11.984-0600][gc,heap     ] GC(11) Eden regions: 45->0(47)
[2025-02-21T20:37:11.984-0600][gc,heap     ] GC(11) Survivor regions: 6->4(7)
[2025-02-21T20:37:11.984-0600][gc,heap     ] GC(11) Old regions: 16->18
[2025-02-21T20:37:11.984-0600][gc,heap     ] GC(11) Humongous regions: 129->129
[2025-02-21T20:37:11.984-0600][gc,metaspace] GC(11) Metaspace: 44459K(45056K)->44459K(45056K) NonClass: 39359K(39680K)->39359K(39680K) Class: 5099K(5376K)->5099K(5376K)
[2025-02-21T20:37:11.984-0600][gc          ] GC(11) Pause Young (Normal) (G1 Evacuation Pause) 194M->150M(1024M) 16.815ms
[2025-02-21T20:37:11.984-0600][gc,cpu      ] GC(11) User=0.04s Sys=0.01s Real=0.02s
[2025-02-21T20:38:55.443-0600][gc,start    ] GC(12) Pause Young (Normal) (G1 Evacuation Pause)
[2025-02-21T20:38:55.443-0600][gc,task     ] GC(12) Using 8 workers of 8 for evacuation
[2025-02-21T20:38:55.462-0600][gc,phases   ] GC(12)   Pre Evacuate Collection Set: 0.6ms
[2025-02-21T20:38:55.462-0600][gc,phases   ] GC(12)   Merge Heap Roots: 0.1ms
[2025-02-21T20:38:55.462-0600][gc,phases   ] GC(12)   Evacuate Collection Set: 17.4ms
[2025-02-21T20:38:55.462-0600][gc,phases   ] GC(12)   Post Evacuate Collection Set: 0.4ms
[2025-02-21T20:38:55.462-0600][gc,phases   ] GC(12)   Other: 0.2ms
[2025-02-21T20:38:55.462-0600][gc,heap     ] GC(12) Eden regions: 47->0(72)
[2025-02-21T20:38:55.462-0600][gc,heap     ] GC(12) Survivor regions: 4->4(7)
[2025-02-21T20:38:55.462-0600][gc,heap     ] GC(12) Old regions: 18->18
[2025-02-21T20:38:55.462-0600][gc,heap     ] GC(12) Humongous regions: 129->129
[2025-02-21T20:38:55.462-0600][gc,metaspace] GC(12) Metaspace: 44479K(45120K)->44479K(45120K) NonClass: 39379K(39744K)->39379K(39744K) Class: 5099K(5376K)->5099K(5376K)
[2025-02-21T20:38:55.462-0600][gc          ] GC(12) Pause Young (Normal) (G1 Evacuation Pause) 197M->150M(1024M) 19.225ms
[2025-02-21T20:38:55.462-0600][gc,cpu      ] GC(12) User=0.02s Sys=0.00s Real=0.02s
[2025-02-21T20:41:19.302-0600][gc,start    ] GC(13) Pause Young (Normal) (G1 Evacuation Pause)
[2025-02-21T20:41:19.303-0600][gc,task     ] GC(13) Using 8 workers of 8 for evacuation
[2025-02-21T20:41:19.319-0600][gc,phases   ] GC(13)   Pre Evacuate Collection Set: 0.8ms
[2025-02-21T20:41:19.319-0600][gc,phases   ] GC(13)   Merge Heap Roots: 0.2ms
[2025-02-21T20:41:19.319-0600][gc,phases   ] GC(13)   Evacuate Collection Set: 15.0ms
[2025-02-21T20:41:19.319-0600][gc,phases   ] GC(13)   Post Evacuate Collection Set: 0.4ms
[2025-02-21T20:41:19.319-0600][gc,phases   ] GC(13)   Other: 0.2ms
[2025-02-21T20:41:19.319-0600][gc,heap     ] GC(13) Eden regions: 75->0(431)
[2025-02-21T20:41:19.319-0600][gc,heap     ] GC(13) Survivor regions: 4->4(10)
[2025-02-21T20:41:19.319-0600][gc,heap     ] GC(13) Old regions: 18->18
[2025-02-21T20:41:19.319-0600][gc,heap     ] GC(13) Humongous regions: 129->129
[2025-02-21T20:41:19.319-0600][gc,metaspace] GC(13) Metaspace: 44558K(45248K)->44558K(45248K) NonClass: 39442K(39808K)->39442K(39808K) Class: 5116K(5440K)->5116K(5440K)
[2025-02-21T20:41:19.320-0600][gc          ] GC(13) Pause Young (Normal) (G1 Evacuation Pause) 225M->150M(1024M) 17.068ms
[2025-02-21T20:41:19.320-0600][gc,cpu      ] GC(13) User=0.03s Sys=0.01s Real=0.02s
[2025-02-21T20:52:37.594-0600][gc,heap,exit] Heap
[2025-02-21T20:52:37.594-0600][gc,heap,exit]  garbage-first heap   total 1048576K, used 269552K [0x00000007c0000000, 0x0000000800000000)
[2025-02-21T20:52:37.594-0600][gc,heap,exit]   region size 1024K, 117 young (119808K), 4 survivors (4096K)
[2025-02-21T20:52:37.594-0600][gc,heap,exit]  Metaspace       used 45965K, committed 46592K, reserved 1114112K
[2025-02-21T20:52:37.594-0600][gc,heap,exit]   class space    used 5345K, committed 5632K, reserved 1048576K
