[2025-02-21T20:18:02.279-0600][gc,init] CardTable entry size: 512
[2025-02-21T20:18:02.279-0600][gc     ] Using G1
[2025-02-21T20:18:02.280-0600][gc,init] Version: 21.0.6 (release)
[2025-02-21T20:18:02.280-0600][gc,init] CPUs: 8 total, 8 available
[2025-02-21T20:18:02.280-0600][gc,init] Memory: 16384M
[2025-02-21T20:18:02.280-0600][gc,init] Large Page Support: Disabled
[2025-02-21T20:18:02.280-0600][gc,init] NUMA Support: Disabled
[2025-02-21T20:18:02.280-0600][gc,init] Compressed Oops: Enabled (Zero based)
[2025-02-21T20:18:02.280-0600][gc,init] Heap Region Size: 1M
[2025-02-21T20:18:02.280-0600][gc,init] Heap Min Capacity: 512M
[2025-02-21T20:18:02.280-0600][gc,init] Heap Initial Capacity: 512M
[2025-02-21T20:18:02.280-0600][gc,init] Heap Max Capacity: 512M
[2025-02-21T20:18:02.280-0600][gc,init] Pre-touch: Disabled
[2025-02-21T20:18:02.280-0600][gc,init] Parallel Workers: 8
[2025-02-21T20:18:02.280-0600][gc,init] Concurrent Workers: 2
[2025-02-21T20:18:02.280-0600][gc,init] Concurrent Refinement Workers: 8
[2025-02-21T20:18:02.280-0600][gc,init] Periodic GC: Disabled
[2025-02-21T20:18:02.283-0600][gc,metaspace] CDS archive(s) mapped at: [0x000000e800000000-0x000000e800c90000-0x000000e800c90000), size 13172736, SharedBaseAddress: 0x000000e800000000, ArchiveRelocationMode: 1.
[2025-02-21T20:18:02.283-0600][gc,metaspace] Compressed class space mapped at: 0x000000e801000000-0x000000e841000000, reserved size: 1073741824
[2025-02-21T20:18:02.283-0600][gc,metaspace] Narrow klass base: 0x000000e800000000, Narrow klass shift: 0, Narrow klass range: 0x100000000
[2025-02-21T20:18:02.607-0600][gc,heap,exit] Heap
[2025-02-21T20:18:02.607-0600][gc,heap,exit]  garbage-first heap   total 524288K, used 25119K [0x00000007e0000000, 0x0000000800000000)
[2025-02-21T20:18:02.607-0600][gc,heap,exit]   region size 1024K, 24 young (24576K), 0 survivors (0K)
[2025-02-21T20:18:02.607-0600][gc,heap,exit]  Metaspace       used 7509K, committed 7744K, reserved 1114112K
[2025-02-21T20:18:02.607-0600][gc,heap,exit]   class space    used 789K, committed 896K, reserved 1048576K
